// Jest Snapshot v1, https://goo.gl/fbAQLP

exports[`actions should create actions in \`actions/index.js\` 1`] = `
"
--------------------------------------------------------------------------------
// ./actions/index.js
// Create
--------------------------------------------------------------------------------

import { createAction } from 'redux-actions';
import { AN_ACTION, ANOTHER_ACTION } from '../action-types';

export const anAction = createAction(AN_ACTION);
export const anotherAction = createAction(ANOTHER_ACTION);





"
`;

exports[`actions should create actions in \`other-dir/actions/index.js\` 1`] = `
"
--------------------------------------------------------------------------------
// ./actions/index.js
// Create
--------------------------------------------------------------------------------

import { createAction } from 'redux-actions';
import { AN_ACTION, ANOTHER_ACTION } from '../action-types';

export const anAction = createAction(AN_ACTION);
export const anotherAction = createAction(ANOTHER_ACTION);





"
`;
