// Jest Snapshot v1, https://goo.gl/fbAQLP

exports[`action-types should create action types in \`action-types/index.js\` 1`] = `
"
--------------------------------------------------------------------------------
// ./action-types/index.js
// Create
--------------------------------------------------------------------------------

export const AN_ACTION = 'AN_ACTION';
export const ANOTHER_ACTION = 'ANOTHER_ACTION';





"
`;

exports[`action-types should create action types in \`other-dir/action-types/index.js\` 1`] = `
"
--------------------------------------------------------------------------------
// ./action-types/index.js
// Create
--------------------------------------------------------------------------------

export const AN_ACTION = 'AN_ACTION';
export const ANOTHER_ACTION = 'ANOTHER_ACTION';





"
`;
